// Jest Snapshot v1, https://goo.gl/fbAQLP

exports[`<Hello /> with react-test-renderer should display Hello 1`] = `
<h1>
  Hello from 
  TypeScript
   and 
  React
  !
</h1>
`;
